in_source: |-
  (var r 0)
  (read r 20)
  (print r)

in_stdin: |-
  qwertyuiop[]asdfgh

out_stdout: |
  ============================================================
  qwertyuiop[]asdfgh
  code_byte:  188 code_instr:  94 instr_counter:  154 ticks:  838

out_mnemonics: |
  <address> - <hex_code> - <mnemonic>
  000 - 7000 a002 - jmp $002
  002 - 4000 a11b d002 - R2 <- load $11b | $11b -> 263
  005 - 4100 a003 d002 - $r <- store R2 | $r -> $003
  008 - 4100 a0ff d002 - $0ff <- store R2
  00b - 4000 a100 d003 - R3 <- load $100 | $100 -> 0
  00e - 2800 d003 - R3 <- srb R3
  010 - 8000 d003 - R3 <- read
  012 - 2800 d003 - R3 <- srb R3
  014 - 8000 d003 - R3 <- read
  016 - 2800 d003 - R3 <- srb R3
  018 - 8000 d003 - R3 <- read
  01a - 2800 d003 - R3 <- srb R3
  01c - 8000 d003 - R3 <- read
  01e - 4100 b0ff d003 - $(0ff) <- store R3
  021 - 6100 d003 - ies R3
  023 - 2100 d002 - R2 <- inc R2
  025 - 4100 a0ff d002 - $0ff <- store R2
  028 - 7400 a00b - jnz $00b
  02a - 4000 a100 d000 - R0 <- load $100 | $100 -> 0
  02d - 5000 d000 - push R0
  02f - 5100 d000 - R0 <- pop
  031 - 4000 a003 d002 - R2 <- load $r | $r -> $003
  034 - 4100 a0ff d002 - $0ff <- store R2
  037 - 4000 b0ff d003 - R3 <- load $(0ff)
  03a - 8100 d003 - print R3
  03c - 2800 d003 - R3 <- srb R3
  03e - 8100 d003 - print R3
  040 - 2800 d003 - R3 <- srb R3
  042 - 8100 d003 - print R3
  044 - 2800 d003 - R3 <- srb R3
  046 - 8100 d003 - print R3
  048 - 2800 d003 - R3 <- srb R3
  04a - 4000 b0ff d003 - R3 <- load $(0ff)
  04d - 6100 d003 - ies R3
  04f - 2100 d002 - R2 <- inc R2
  051 - 4100 a0ff d002 - $0ff <- store R2
  054 - 7400 a037 - jnz $037
  056 - 4000 a100 d000 - R0 <- load $100 | $100 -> 0
  059 - 5000 d000 - push R0
  05b - 5100 d000 - R0 <- pop
  05d - 1000 - halt

out_log: |
  DEBUG   machine:simulation    0 | TICK: 0 PC: 000 IB 0000 (DataPath - AR: 000 SP: fff SB: 000 HC: 11c SOB: 00000000 (ALU - result: 00000000 zero: False) (Registers - R0: 00000000 R1: 00000000 R2: 00000000 R3: 00000000))
  DEBUG   machine:simulation    1 | TICK: 3 PC: 002 IB 7000 (DataPath - AR: 000 SP: fff SB: 000 HC: 11c SOB: 00000000 (ALU - result: 00000000 zero: False) (Registers - R0: 00000000 R1: 00000000 R2: 00000000 R3: 00000000))
  DEBUG   machine:simulation    2 | TICK: 12 PC: 005 IB 4000 (DataPath - AR: 11b SP: fff SB: 000 HC: 11c SOB: 00000107 (ALU - result: 00000107 zero: False) (Registers - R0: 00000000 R1: 00000000 R2: 00000107 R3: 00000000))
  DEBUG   machine:simulation    3 | TICK: 18 PC: 008 IB 4100 (DataPath - AR: 003 SP: fff SB: 000 HC: 11c SOB: 00000107 (ALU - result: 00000107 zero: False) (Registers - R0: 00000000 R1: 00000000 R2: 00000107 R3: 00000000))
  DEBUG   machine:simulation    4 | TICK: 24 PC: 00b IB 4100 (DataPath - AR: 0ff SP: fff SB: 000 HC: 11c SOB: 00000107 (ALU - result: 00000107 zero: False) (Registers - R0: 00000000 R1: 00000000 R2: 00000107 R3: 00000000))
  DEBUG   machine:simulation    5 | TICK: 33 PC: 00e IB 4000 (DataPath - AR: 100 SP: fff SB: 000 HC: 11c SOB: 00000000 (ALU - result: 00000000 zero: False) (Registers - R0: 00000000 R1: 00000000 R2: 00000107 R3: 00000000))
  DEBUG   machine:simulation    6 | TICK: 38 PC: 010 IB 2800 (DataPath - AR: 100 SP: fff SB: 000 HC: 11c SOB: 00000000 (ALU - result: 00000000 zero: False) (Registers - R0: 00000000 R1: 00000000 R2: 00000107 R3: 00000000))
  DEBUG   machine:__signal_latch input: 'q'
  DEBUG   machine:simulation    7 | TICK: 43 PC: 012 IB 8000 (DataPath - AR: 100 SP: fff SB: 000 HC: 11c SOB: 00000000 (ALU - result: 00000000 zero: False) (Registers - R0: 00000000 R1: 00000000 R2: 00000107 R3: 71000000))
  DEBUG   machine:simulation    8 | TICK: 48 PC: 014 IB 2800 (DataPath - AR: 100 SP: fff SB: 000 HC: 11c SOB: 00000000 (ALU - result: 00710000 zero: False) (Registers - R0: 00000000 R1: 00000000 R2: 00000107 R3: 00710000))
  DEBUG   machine:__signal_latch input: 'w'
  DEBUG   machine:simulation    9 | TICK: 53 PC: 016 IB 8000 (DataPath - AR: 100 SP: fff SB: 000 HC: 11c SOB: 00000000 (ALU - result: 00710000 zero: False) (Registers - R0: 00000000 R1: 00000000 R2: 00000107 R3: 77710000))
  DEBUG   machine:simulation    10 | TICK: 58 PC: 018 IB 2800 (DataPath - AR: 100 SP: fff SB: 000 HC: 11c SOB: 00000000 (ALU - result: 00777100 zero: False) (Registers - R0: 00000000 R1: 00000000 R2: 00000107 R3: 00777100))
  DEBUG   machine:__signal_latch input: 'e'
  DEBUG   machine:simulation    11 | TICK: 63 PC: 01a IB 8000 (DataPath - AR: 100 SP: fff SB: 000 HC: 11c SOB: 00000000 (ALU - result: 00777100 zero: False) (Registers - R0: 00000000 R1: 00000000 R2: 00000107 R3: 65777100))
  DEBUG   machine:simulation    12 | TICK: 68 PC: 01c IB 2800 (DataPath - AR: 100 SP: fff SB: 000 HC: 11c SOB: 00000000 (ALU - result: 00657771 zero: False) (Registers - R0: 00000000 R1: 00000000 R2: 00000107 R3: 00657771))
  DEBUG   machine:__signal_latch input: 'r'
  DEBUG   machine:simulation    13 | TICK: 73 PC: 01e IB 8000 (DataPath - AR: 100 SP: fff SB: 000 HC: 11c SOB: 00000000 (ALU - result: 00657771 zero: False) (Registers - R0: 00000000 R1: 00000000 R2: 00000107 R3: 72657771))
  DEBUG   machine:simulation    14 | TICK: 81 PC: 021 IB 4100 (DataPath - AR: 107 SP: fff SB: 000 HC: 11c SOB: 00000000 (ALU - result: 00657771 zero: False) (Registers - R0: 00000000 R1: 00000000 R2: 00000107 R3: 72657771))
  DEBUG   machine:simulation    15 | TICK: 85 PC: 023 IB 6100 (DataPath - AR: 107 SP: fff SB: 000 HC: 11c SOB: 00000000 (ALU - result: 72000000 zero: False) (Registers - R0: 00000000 R1: 00000000 R2: 00000107 R3: 72657771))
  DEBUG   machine:simulation    16 | TICK: 90 PC: 025 IB 2100 (DataPath - AR: 107 SP: fff SB: 000 HC: 11c SOB: 00000000 (ALU - result: 00000108 zero: False) (Registers - R0: 00000000 R1: 00000000 R2: 00000108 R3: 72657771))
  DEBUG   machine:simulation    17 | TICK: 96 PC: 028 IB 4100 (DataPath - AR: 0ff SP: fff SB: 000 HC: 11c SOB: 00000000 (ALU - result: 00000108 zero: False) (Registers - R0: 00000000 R1: 00000000 R2: 00000108 R3: 72657771))
  DEBUG   machine:simulation    18 | TICK: 99 PC: 00b IB 7400 (DataPath - AR: 0ff SP: fff SB: 000 HC: 11c SOB: 00000000 (ALU - result: 00000108 zero: False) (Registers - R0: 00000000 R1: 00000000 R2: 00000108 R3: 72657771))
  DEBUG   machine:simulation    19 | TICK: 108 PC: 00e IB 4000 (DataPath - AR: 100 SP: fff SB: 000 HC: 11c SOB: 00000000 (ALU - result: 00000000 zero: False) (Registers - R0: 00000000 R1: 00000000 R2: 00000108 R3: 00000000))
  DEBUG   machine:simulation    20 | TICK: 113 PC: 010 IB 2800 (DataPath - AR: 100 SP: fff SB: 000 HC: 11c SOB: 00000000 (ALU - result: 00000000 zero: False) (Registers - R0: 00000000 R1: 00000000 R2: 00000108 R3: 00000000))
  DEBUG   machine:__signal_latch input: 't'
  DEBUG   machine:simulation    21 | TICK: 118 PC: 012 IB 8000 (DataPath - AR: 100 SP: fff SB: 000 HC: 11c SOB: 00000000 (ALU - result: 00000000 zero: False) (Registers - R0: 00000000 R1: 00000000 R2: 00000108 R3: 74000000))
  DEBUG   machine:simulation    22 | TICK: 123 PC: 014 IB 2800 (DataPath - AR: 100 SP: fff SB: 000 HC: 11c SOB: 00000000 (ALU - result: 00740000 zero: False) (Registers - R0: 00000000 R1: 00000000 R2: 00000108 R3: 00740000))
  DEBUG   machine:__signal_latch input: 'y'
  DEBUG   machine:simulation    23 | TICK: 128 PC: 016 IB 8000 (DataPath - AR: 100 SP: fff SB: 000 HC: 11c SOB: 00000000 (ALU - result: 00740000 zero: False) (Registers - R0: 00000000 R1: 00000000 R2: 00000108 R3: 79740000))
  DEBUG   machine:simulation    24 | TICK: 133 PC: 018 IB 2800 (DataPath - AR: 100 SP: fff SB: 000 HC: 11c SOB: 00000000 (ALU - result: 00797400 zero: False) (Registers - R0: 00000000 R1: 00000000 R2: 00000108 R3: 00797400))
  DEBUG   machine:__signal_latch input: 'u'
  DEBUG   machine:simulation    25 | TICK: 138 PC: 01a IB 8000 (DataPath - AR: 100 SP: fff SB: 000 HC: 11c SOB: 00000000 (ALU - result: 00797400 zero: False) (Registers - R0: 00000000 R1: 00000000 R2: 00000108 R3: 75797400))
  DEBUG   machine:simulation    26 | TICK: 143 PC: 01c IB 2800 (DataPath - AR: 100 SP: fff SB: 000 HC: 11c SOB: 00000000 (ALU - result: 00757974 zero: False) (Registers - R0: 00000000 R1: 00000000 R2: 00000108 R3: 00757974))
  DEBUG   machine:__signal_latch input: 'i'
  DEBUG   machine:simulation    27 | TICK: 148 PC: 01e IB 8000 (DataPath - AR: 100 SP: fff SB: 000 HC: 11c SOB: 00000000 (ALU - result: 00757974 zero: False) (Registers - R0: 00000000 R1: 00000000 R2: 00000108 R3: 69757974))
  DEBUG   machine:simulation    28 | TICK: 156 PC: 021 IB 4100 (DataPath - AR: 108 SP: fff SB: 000 HC: 11c SOB: 00000000 (ALU - result: 00757974 zero: False) (Registers - R0: 00000000 R1: 00000000 R2: 00000108 R3: 69757974))
  DEBUG   machine:simulation    29 | TICK: 160 PC: 023 IB 6100 (DataPath - AR: 108 SP: fff SB: 000 HC: 11c SOB: 00000000 (ALU - result: 69000000 zero: False) (Registers - R0: 00000000 R1: 00000000 R2: 00000108 R3: 69757974))
  DEBUG   machine:simulation    30 | TICK: 165 PC: 025 IB 2100 (DataPath - AR: 108 SP: fff SB: 000 HC: 11c SOB: 00000000 (ALU - result: 00000109 zero: False) (Registers - R0: 00000000 R1: 00000000 R2: 00000109 R3: 69757974))
  DEBUG   machine:simulation    31 | TICK: 171 PC: 028 IB 4100 (DataPath - AR: 0ff SP: fff SB: 000 HC: 11c SOB: 00000000 (ALU - result: 00000109 zero: False) (Registers - R0: 00000000 R1: 00000000 R2: 00000109 R3: 69757974))
  DEBUG   machine:simulation    32 | TICK: 174 PC: 00b IB 7400 (DataPath - AR: 0ff SP: fff SB: 000 HC: 11c SOB: 00000000 (ALU - result: 00000109 zero: False) (Registers - R0: 00000000 R1: 00000000 R2: 00000109 R3: 69757974))
  DEBUG   machine:simulation    33 | TICK: 183 PC: 00e IB 4000 (DataPath - AR: 100 SP: fff SB: 000 HC: 11c SOB: 00000000 (ALU - result: 00000000 zero: False) (Registers - R0: 00000000 R1: 00000000 R2: 00000109 R3: 00000000))
  DEBUG   machine:simulation    34 | TICK: 188 PC: 010 IB 2800 (DataPath - AR: 100 SP: fff SB: 000 HC: 11c SOB: 00000000 (ALU - result: 00000000 zero: False) (Registers - R0: 00000000 R1: 00000000 R2: 00000109 R3: 00000000))
  DEBUG   machine:__signal_latch input: 'o'
  DEBUG   machine:simulation    35 | TICK: 193 PC: 012 IB 8000 (DataPath - AR: 100 SP: fff SB: 000 HC: 11c SOB: 00000000 (ALU - result: 00000000 zero: False) (Registers - R0: 00000000 R1: 00000000 R2: 00000109 R3: 6f000000))
  DEBUG   machine:simulation    36 | TICK: 198 PC: 014 IB 2800 (DataPath - AR: 100 SP: fff SB: 000 HC: 11c SOB: 00000000 (ALU - result: 006f0000 zero: False) (Registers - R0: 00000000 R1: 00000000 R2: 00000109 R3: 006f0000))
  DEBUG   machine:__signal_latch input: 'p'
  DEBUG   machine:simulation    37 | TICK: 203 PC: 016 IB 8000 (DataPath - AR: 100 SP: fff SB: 000 HC: 11c SOB: 00000000 (ALU - result: 006f0000 zero: False) (Registers - R0: 00000000 R1: 00000000 R2: 00000109 R3: 706f0000))
  DEBUG   machine:simulation    38 | TICK: 208 PC: 018 IB 2800 (DataPath - AR: 100 SP: fff SB: 000 HC: 11c SOB: 00000000 (ALU - result: 00706f00 zero: False) (Registers - R0: 00000000 R1: 00000000 R2: 00000109 R3: 00706f00))
  DEBUG   machine:__signal_latch input: '['
  DEBUG   machine:simulation    39 | TICK: 213 PC: 01a IB 8000 (DataPath - AR: 100 SP: fff SB: 000 HC: 11c SOB: 00000000 (ALU - result: 00706f00 zero: False) (Registers - R0: 00000000 R1: 00000000 R2: 00000109 R3: 5b706f00))
  DEBUG   machine:simulation    40 | TICK: 218 PC: 01c IB 2800 (DataPath - AR: 100 SP: fff SB: 000 HC: 11c SOB: 00000000 (ALU - result: 005b706f zero: False) (Registers - R0: 00000000 R1: 00000000 R2: 00000109 R3: 005b706f))
  DEBUG   machine:__signal_latch input: ']'
  DEBUG   machine:simulation    41 | TICK: 223 PC: 01e IB 8000 (DataPath - AR: 100 SP: fff SB: 000 HC: 11c SOB: 00000000 (ALU - result: 005b706f zero: False) (Registers - R0: 00000000 R1: 00000000 R2: 00000109 R3: 5d5b706f))
  DEBUG   machine:simulation    42 | TICK: 231 PC: 021 IB 4100 (DataPath - AR: 109 SP: fff SB: 000 HC: 11c SOB: 00000000 (ALU - result: 005b706f zero: False) (Registers - R0: 00000000 R1: 00000000 R2: 00000109 R3: 5d5b706f))
  DEBUG   machine:simulation    43 | TICK: 235 PC: 023 IB 6100 (DataPath - AR: 109 SP: fff SB: 000 HC: 11c SOB: 00000000 (ALU - result: 5d000000 zero: False) (Registers - R0: 00000000 R1: 00000000 R2: 00000109 R3: 5d5b706f))
  DEBUG   machine:simulation    44 | TICK: 240 PC: 025 IB 2100 (DataPath - AR: 109 SP: fff SB: 000 HC: 11c SOB: 00000000 (ALU - result: 0000010a zero: False) (Registers - R0: 00000000 R1: 00000000 R2: 0000010a R3: 5d5b706f))
  DEBUG   machine:simulation    45 | TICK: 246 PC: 028 IB 4100 (DataPath - AR: 0ff SP: fff SB: 000 HC: 11c SOB: 00000000 (ALU - result: 0000010a zero: False) (Registers - R0: 00000000 R1: 00000000 R2: 0000010a R3: 5d5b706f))
  DEBUG   machine:simulation    46 | TICK: 249 PC: 00b IB 7400 (DataPath - AR: 0ff SP: fff SB: 000 HC: 11c SOB: 00000000 (ALU - result: 0000010a zero: False) (Registers - R0: 00000000 R1: 00000000 R2: 0000010a R3: 5d5b706f))
  DEBUG   machine:simulation    47 | TICK: 258 PC: 00e IB 4000 (DataPath - AR: 100 SP: fff SB: 000 HC: 11c SOB: 00000000 (ALU - result: 00000000 zero: False) (Registers - R0: 00000000 R1: 00000000 R2: 0000010a R3: 00000000))
  DEBUG   machine:simulation    48 | TICK: 263 PC: 010 IB 2800 (DataPath - AR: 100 SP: fff SB: 000 HC: 11c SOB: 00000000 (ALU - result: 00000000 zero: False) (Registers - R0: 00000000 R1: 00000000 R2: 0000010a R3: 00000000))
  DEBUG   machine:__signal_latch input: 'a'
  DEBUG   machine:simulation    49 | TICK: 268 PC: 012 IB 8000 (DataPath - AR: 100 SP: fff SB: 000 HC: 11c SOB: 00000000 (ALU - result: 00000000 zero: False) (Registers - R0: 00000000 R1: 00000000 R2: 0000010a R3: 61000000))
  DEBUG   machine:simulation    50 | TICK: 273 PC: 014 IB 2800 (DataPath - AR: 100 SP: fff SB: 000 HC: 11c SOB: 00000000 (ALU - result: 00610000 zero: False) (Registers - R0: 00000000 R1: 00000000 R2: 0000010a R3: 00610000))
  DEBUG   machine:__signal_latch input: 's'
  DEBUG   machine:simulation    51 | TICK: 278 PC: 016 IB 8000 (DataPath - AR: 100 SP: fff SB: 000 HC: 11c SOB: 00000000 (ALU - result: 00610000 zero: False) (Registers - R0: 00000000 R1: 00000000 R2: 0000010a R3: 73610000))
  DEBUG   machine:simulation    52 | TICK: 283 PC: 018 IB 2800 (DataPath - AR: 100 SP: fff SB: 000 HC: 11c SOB: 00000000 (ALU - result: 00736100 zero: False) (Registers - R0: 00000000 R1: 00000000 R2: 0000010a R3: 00736100))
  DEBUG   machine:__signal_latch input: 'd'
  DEBUG   machine:simulation    53 | TICK: 288 PC: 01a IB 8000 (DataPath - AR: 100 SP: fff SB: 000 HC: 11c SOB: 00000000 (ALU - result: 00736100 zero: False) (Registers - R0: 00000000 R1: 00000000 R2: 0000010a R3: 64736100))
  DEBUG   machine:simulation    54 | TICK: 293 PC: 01c IB 2800 (DataPath - AR: 100 SP: fff SB: 000 HC: 11c SOB: 00000000 (ALU - result: 00647361 zero: False) (Registers - R0: 00000000 R1: 00000000 R2: 0000010a R3: 00647361))
  DEBUG   machine:__signal_latch input: 'f'
  DEBUG   machine:simulation    55 | TICK: 298 PC: 01e IB 8000 (DataPath - AR: 100 SP: fff SB: 000 HC: 11c SOB: 00000000 (ALU - result: 00647361 zero: False) (Registers - R0: 00000000 R1: 00000000 R2: 0000010a R3: 66647361))
  DEBUG   machine:simulation    56 | TICK: 306 PC: 021 IB 4100 (DataPath - AR: 10a SP: fff SB: 000 HC: 11c SOB: 00000000 (ALU - result: 00647361 zero: False) (Registers - R0: 00000000 R1: 00000000 R2: 0000010a R3: 66647361))
  DEBUG   machine:simulation    57 | TICK: 310 PC: 023 IB 6100 (DataPath - AR: 10a SP: fff SB: 000 HC: 11c SOB: 00000000 (ALU - result: 66000000 zero: False) (Registers - R0: 00000000 R1: 00000000 R2: 0000010a R3: 66647361))
  DEBUG   machine:simulation    58 | TICK: 315 PC: 025 IB 2100 (DataPath - AR: 10a SP: fff SB: 000 HC: 11c SOB: 00000000 (ALU - result: 0000010b zero: False) (Registers - R0: 00000000 R1: 00000000 R2: 0000010b R3: 66647361))
  DEBUG   machine:simulation    59 | TICK: 321 PC: 028 IB 4100 (DataPath - AR: 0ff SP: fff SB: 000 HC: 11c SOB: 00000000 (ALU - result: 0000010b zero: False) (Registers - R0: 00000000 R1: 00000000 R2: 0000010b R3: 66647361))
  DEBUG   machine:simulation    60 | TICK: 324 PC: 00b IB 7400 (DataPath - AR: 0ff SP: fff SB: 000 HC: 11c SOB: 00000000 (ALU - result: 0000010b zero: False) (Registers - R0: 00000000 R1: 00000000 R2: 0000010b R3: 66647361))
  DEBUG   machine:simulation    61 | TICK: 333 PC: 00e IB 4000 (DataPath - AR: 100 SP: fff SB: 000 HC: 11c SOB: 00000000 (ALU - result: 00000000 zero: False) (Registers - R0: 00000000 R1: 00000000 R2: 0000010b R3: 00000000))
  DEBUG   machine:simulation    62 | TICK: 338 PC: 010 IB 2800 (DataPath - AR: 100 SP: fff SB: 000 HC: 11c SOB: 00000000 (ALU - result: 00000000 zero: False) (Registers - R0: 00000000 R1: 00000000 R2: 0000010b R3: 00000000))
  DEBUG   machine:__signal_latch input: 'g'
  DEBUG   machine:simulation    63 | TICK: 343 PC: 012 IB 8000 (DataPath - AR: 100 SP: fff SB: 000 HC: 11c SOB: 00000000 (ALU - result: 00000000 zero: False) (Registers - R0: 00000000 R1: 00000000 R2: 0000010b R3: 67000000))
  DEBUG   machine:simulation    64 | TICK: 348 PC: 014 IB 2800 (DataPath - AR: 100 SP: fff SB: 000 HC: 11c SOB: 00000000 (ALU - result: 00670000 zero: False) (Registers - R0: 00000000 R1: 00000000 R2: 0000010b R3: 00670000))
  DEBUG   machine:__signal_latch input: 'h'
  DEBUG   machine:simulation    65 | TICK: 353 PC: 016 IB 8000 (DataPath - AR: 100 SP: fff SB: 000 HC: 11c SOB: 00000000 (ALU - result: 00670000 zero: False) (Registers - R0: 00000000 R1: 00000000 R2: 0000010b R3: 68670000))
  DEBUG   machine:simulation    66 | TICK: 358 PC: 018 IB 2800 (DataPath - AR: 100 SP: fff SB: 000 HC: 11c SOB: 00000000 (ALU - result: 00686700 zero: False) (Registers - R0: 00000000 R1: 00000000 R2: 0000010b R3: 00686700))
  WARNING machine:simulation    Input buffer is empty!
  DEBUG   machine:simulation    67 | TICK: 361 PC: 019 IB 8000 (DataPath - AR: 100 SP: fff SB: 000 HC: 11c SOB: 00000000 (ALU - result: 00686700 zero: False) (Registers - R0: 00000000 R1: 00000000 R2: 0000010b R3: 00686700))
  DEBUG   machine:simulation    68 | TICK: 362 PC: 01a IB 8000 (DataPath - AR: 100 SP: fff SB: 000 HC: 11c SOB: 00000000 (ALU - result: 00686700 zero: False) (Registers - R0: 00000000 R1: 00000000 R2: 0000010b R3: 00686700))
  DEBUG   machine:simulation    69 | TICK: 367 PC: 01c IB 2800 (DataPath - AR: 100 SP: fff SB: 000 HC: 11c SOB: 00000000 (ALU - result: 00006867 zero: False) (Registers - R0: 00000000 R1: 00000000 R2: 0000010b R3: 00006867))
  WARNING machine:simulation    Input buffer is empty!
  DEBUG   machine:simulation    70 | TICK: 370 PC: 01d IB 8000 (DataPath - AR: 100 SP: fff SB: 000 HC: 11c SOB: 00000000 (ALU - result: 00006867 zero: False) (Registers - R0: 00000000 R1: 00000000 R2: 0000010b R3: 00006867))
  DEBUG   machine:simulation    71 | TICK: 371 PC: 01e IB 8000 (DataPath - AR: 100 SP: fff SB: 000 HC: 11c SOB: 00000000 (ALU - result: 00006867 zero: False) (Registers - R0: 00000000 R1: 00000000 R2: 0000010b R3: 00006867))
  DEBUG   machine:simulation    72 | TICK: 379 PC: 021 IB 4100 (DataPath - AR: 10b SP: fff SB: 000 HC: 11c SOB: 00000000 (ALU - result: 00006867 zero: False) (Registers - R0: 00000000 R1: 00000000 R2: 0000010b R3: 00006867))
  DEBUG   machine:simulation    73 | TICK: 383 PC: 023 IB 6100 (DataPath - AR: 10b SP: fff SB: 000 HC: 11c SOB: 00000000 (ALU - result: 00000000 zero: True) (Registers - R0: 00000000 R1: 00000000 R2: 0000010b R3: 00006867))
  DEBUG   machine:simulation    74 | TICK: 388 PC: 025 IB 2100 (DataPath - AR: 10b SP: fff SB: 000 HC: 11c SOB: 00000000 (ALU - result: 0000010c zero: True) (Registers - R0: 00000000 R1: 00000000 R2: 0000010c R3: 00006867))
  DEBUG   machine:simulation    75 | TICK: 394 PC: 028 IB 4100 (DataPath - AR: 0ff SP: fff SB: 000 HC: 11c SOB: 00000000 (ALU - result: 0000010c zero: True) (Registers - R0: 00000000 R1: 00000000 R2: 0000010c R3: 00006867))
  DEBUG   machine:simulation    76 | TICK: 397 PC: 02a IB 7400 (DataPath - AR: 0ff SP: fff SB: 000 HC: 11c SOB: 00000000 (ALU - result: 0000010c zero: True) (Registers - R0: 00000000 R1: 00000000 R2: 0000010c R3: 00006867))
  DEBUG   machine:simulation    77 | TICK: 406 PC: 02d IB 4000 (DataPath - AR: 100 SP: fff SB: 000 HC: 11c SOB: 00000000 (ALU - result: 00000000 zero: True) (Registers - R0: 00000000 R1: 00000000 R2: 0000010c R3: 00006867))
  DEBUG   machine:simulation    78 | TICK: 411 PC: 02f IB 5000 (DataPath - AR: ffe SP: ffe SB: 000 HC: 11c SOB: 00000000 (ALU - result: 00000000 zero: True) (Registers - R0: 00000000 R1: 00000000 R2: 0000010c R3: 00006867))
  DEBUG   machine:simulation    79 | TICK: 420 PC: 031 IB 5100 (DataPath - AR: ffe SP: fff SB: 000 HC: 11c SOB: 00000000 (ALU - result: 00000000 zero: True) (Registers - R0: 00000000 R1: 00000000 R2: 0000010c R3: 00006867))
  DEBUG   machine:simulation    80 | TICK: 429 PC: 034 IB 4000 (DataPath - AR: 003 SP: fff SB: 000 HC: 11c SOB: 00000107 (ALU - result: 00000107 zero: True) (Registers - R0: 00000000 R1: 00000000 R2: 00000107 R3: 00006867))
  DEBUG   machine:simulation    81 | TICK: 435 PC: 037 IB 4100 (DataPath - AR: 0ff SP: fff SB: 000 HC: 11c SOB: 00000107 (ALU - result: 00000107 zero: True) (Registers - R0: 00000000 R1: 00000000 R2: 00000107 R3: 00006867))
  DEBUG   machine:simulation    82 | TICK: 446 PC: 03a IB 4000 (DataPath - AR: 107 SP: fff SB: 000 HC: 11c SOB: 72657771 (ALU - result: 72657771 zero: True) (Registers - R0: 00000000 R1: 00000000 R2: 00000107 R3: 72657771))
  DEBUG   machine:signal_output output:  << q
  DEBUG   machine:simulation    83 | TICK: 450 PC: 03c IB 8100 (DataPath - AR: 107 SP: fff SB: 000 HC: 11c SOB: 72657771 (ALU - result: 72657771 zero: True) (Registers - R0: 00000000 R1: 00000000 R2: 00000107 R3: 72657771))
  DEBUG   machine:simulation    84 | TICK: 455 PC: 03e IB 2800 (DataPath - AR: 107 SP: fff SB: 000 HC: 11c SOB: 72657771 (ALU - result: 00726577 zero: True) (Registers - R0: 00000000 R1: 00000000 R2: 00000107 R3: 00726577))
  DEBUG   machine:signal_output output: q << w
  DEBUG   machine:simulation    85 | TICK: 459 PC: 040 IB 8100 (DataPath - AR: 107 SP: fff SB: 000 HC: 11c SOB: 72657771 (ALU - result: 00726577 zero: True) (Registers - R0: 00000000 R1: 00000000 R2: 00000107 R3: 00726577))
  DEBUG   machine:simulation    86 | TICK: 464 PC: 042 IB 2800 (DataPath - AR: 107 SP: fff SB: 000 HC: 11c SOB: 72657771 (ALU - result: 00007265 zero: True) (Registers - R0: 00000000 R1: 00000000 R2: 00000107 R3: 00007265))
  DEBUG   machine:signal_output output: qw << e
  DEBUG   machine:simulation    87 | TICK: 468 PC: 044 IB 8100 (DataPath - AR: 107 SP: fff SB: 000 HC: 11c SOB: 72657771 (ALU - result: 00007265 zero: True) (Registers - R0: 00000000 R1: 00000000 R2: 00000107 R3: 00007265))
  DEBUG   machine:simulation    88 | TICK: 473 PC: 046 IB 2800 (DataPath - AR: 107 SP: fff SB: 000 HC: 11c SOB: 72657771 (ALU - result: 00000072 zero: True) (Registers - R0: 00000000 R1: 00000000 R2: 00000107 R3: 00000072))
  DEBUG   machine:signal_output output: qwe << r
  DEBUG   machine:simulation    89 | TICK: 477 PC: 048 IB 8100 (DataPath - AR: 107 SP: fff SB: 000 HC: 11c SOB: 72657771 (ALU - result: 00000072 zero: True) (Registers - R0: 00000000 R1: 00000000 R2: 00000107 R3: 00000072))
  DEBUG   machine:simulation    90 | TICK: 482 PC: 04a IB 2800 (DataPath - AR: 107 SP: fff SB: 000 HC: 11c SOB: 72657771 (ALU - result: 00000000 zero: True) (Registers - R0: 00000000 R1: 00000000 R2: 00000107 R3: 00000000))
  DEBUG   machine:simulation    91 | TICK: 493 PC: 04d IB 4000 (DataPath - AR: 107 SP: fff SB: 000 HC: 11c SOB: 72657771 (ALU - result: 72657771 zero: True) (Registers - R0: 00000000 R1: 00000000 R2: 00000107 R3: 72657771))
  DEBUG   machine:simulation    92 | TICK: 497 PC: 04f IB 6100 (DataPath - AR: 107 SP: fff SB: 000 HC: 11c SOB: 72657771 (ALU - result: 72000000 zero: False) (Registers - R0: 00000000 R1: 00000000 R2: 00000107 R3: 72657771))
  DEBUG   machine:simulation    93 | TICK: 502 PC: 051 IB 2100 (DataPath - AR: 107 SP: fff SB: 000 HC: 11c SOB: 72657771 (ALU - result: 00000108 zero: False) (Registers - R0: 00000000 R1: 00000000 R2: 00000108 R3: 72657771))
  DEBUG   machine:simulation    94 | TICK: 508 PC: 054 IB 4100 (DataPath - AR: 0ff SP: fff SB: 000 HC: 11c SOB: 72657771 (ALU - result: 00000108 zero: False) (Registers - R0: 00000000 R1: 00000000 R2: 00000108 R3: 72657771))
  DEBUG   machine:simulation    95 | TICK: 511 PC: 037 IB 7400 (DataPath - AR: 0ff SP: fff SB: 000 HC: 11c SOB: 72657771 (ALU - result: 00000108 zero: False) (Registers - R0: 00000000 R1: 00000000 R2: 00000108 R3: 72657771))
  DEBUG   machine:simulation    96 | TICK: 522 PC: 03a IB 4000 (DataPath - AR: 108 SP: fff SB: 000 HC: 11c SOB: 69757974 (ALU - result: 69757974 zero: False) (Registers - R0: 00000000 R1: 00000000 R2: 00000108 R3: 69757974))
  DEBUG   machine:signal_output output: qwer << t
  DEBUG   machine:simulation    97 | TICK: 526 PC: 03c IB 8100 (DataPath - AR: 108 SP: fff SB: 000 HC: 11c SOB: 69757974 (ALU - result: 69757974 zero: False) (Registers - R0: 00000000 R1: 00000000 R2: 00000108 R3: 69757974))
  DEBUG   machine:simulation    98 | TICK: 531 PC: 03e IB 2800 (DataPath - AR: 108 SP: fff SB: 000 HC: 11c SOB: 69757974 (ALU - result: 00697579 zero: False) (Registers - R0: 00000000 R1: 00000000 R2: 00000108 R3: 00697579))
  DEBUG   machine:signal_output output: qwert << y
  DEBUG   machine:simulation    99 | TICK: 535 PC: 040 IB 8100 (DataPath - AR: 108 SP: fff SB: 000 HC: 11c SOB: 69757974 (ALU - result: 00697579 zero: False) (Registers - R0: 00000000 R1: 00000000 R2: 00000108 R3: 00697579))
  DEBUG   machine:simulation    100 | TICK: 540 PC: 042 IB 2800 (DataPath - AR: 108 SP: fff SB: 000 HC: 11c SOB: 69757974 (ALU - result: 00006975 zero: False) (Registers - R0: 00000000 R1: 00000000 R2: 00000108 R3: 00006975))
  DEBUG   machine:signal_output output: qwerty << u
  DEBUG   machine:simulation    101 | TICK: 544 PC: 044 IB 8100 (DataPath - AR: 108 SP: fff SB: 000 HC: 11c SOB: 69757974 (ALU - result: 00006975 zero: False) (Registers - R0: 00000000 R1: 00000000 R2: 00000108 R3: 00006975))
  DEBUG   machine:simulation    102 | TICK: 549 PC: 046 IB 2800 (DataPath - AR: 108 SP: fff SB: 000 HC: 11c SOB: 69757974 (ALU - result: 00000069 zero: False) (Registers - R0: 00000000 R1: 00000000 R2: 00000108 R3: 00000069))
  DEBUG   machine:signal_output output: qwertyu << i
  DEBUG   machine:simulation    103 | TICK: 553 PC: 048 IB 8100 (DataPath - AR: 108 SP: fff SB: 000 HC: 11c SOB: 69757974 (ALU - result: 00000069 zero: False) (Registers - R0: 00000000 R1: 00000000 R2: 00000108 R3: 00000069))
  DEBUG   machine:simulation    104 | TICK: 558 PC: 04a IB 2800 (DataPath - AR: 108 SP: fff SB: 000 HC: 11c SOB: 69757974 (ALU - result: 00000000 zero: False) (Registers - R0: 00000000 R1: 00000000 R2: 00000108 R3: 00000000))
  DEBUG   machine:simulation    105 | TICK: 569 PC: 04d IB 4000 (DataPath - AR: 108 SP: fff SB: 000 HC: 11c SOB: 69757974 (ALU - result: 69757974 zero: False) (Registers - R0: 00000000 R1: 00000000 R2: 00000108 R3: 69757974))
  DEBUG   machine:simulation    106 | TICK: 573 PC: 04f IB 6100 (DataPath - AR: 108 SP: fff SB: 000 HC: 11c SOB: 69757974 (ALU - result: 69000000 zero: False) (Registers - R0: 00000000 R1: 00000000 R2: 00000108 R3: 69757974))
  DEBUG   machine:simulation    107 | TICK: 578 PC: 051 IB 2100 (DataPath - AR: 108 SP: fff SB: 000 HC: 11c SOB: 69757974 (ALU - result: 00000109 zero: False) (Registers - R0: 00000000 R1: 00000000 R2: 00000109 R3: 69757974))
  DEBUG   machine:simulation    108 | TICK: 584 PC: 054 IB 4100 (DataPath - AR: 0ff SP: fff SB: 000 HC: 11c SOB: 69757974 (ALU - result: 00000109 zero: False) (Registers - R0: 00000000 R1: 00000000 R2: 00000109 R3: 69757974))
  DEBUG   machine:simulation    109 | TICK: 587 PC: 037 IB 7400 (DataPath - AR: 0ff SP: fff SB: 000 HC: 11c SOB: 69757974 (ALU - result: 00000109 zero: False) (Registers - R0: 00000000 R1: 00000000 R2: 00000109 R3: 69757974))
  DEBUG   machine:simulation    110 | TICK: 598 PC: 03a IB 4000 (DataPath - AR: 109 SP: fff SB: 000 HC: 11c SOB: 5d5b706f (ALU - result: 5d5b706f zero: False) (Registers - R0: 00000000 R1: 00000000 R2: 00000109 R3: 5d5b706f))
  DEBUG   machine:signal_output output: qwertyui << o
  DEBUG   machine:simulation    111 | TICK: 602 PC: 03c IB 8100 (DataPath - AR: 109 SP: fff SB: 000 HC: 11c SOB: 5d5b706f (ALU - result: 5d5b706f zero: False) (Registers - R0: 00000000 R1: 00000000 R2: 00000109 R3: 5d5b706f))
  DEBUG   machine:simulation    112 | TICK: 607 PC: 03e IB 2800 (DataPath - AR: 109 SP: fff SB: 000 HC: 11c SOB: 5d5b706f (ALU - result: 005d5b70 zero: False) (Registers - R0: 00000000 R1: 00000000 R2: 00000109 R3: 005d5b70))
  DEBUG   machine:signal_output output: qwertyuio << p
  DEBUG   machine:simulation    113 | TICK: 611 PC: 040 IB 8100 (DataPath - AR: 109 SP: fff SB: 000 HC: 11c SOB: 5d5b706f (ALU - result: 005d5b70 zero: False) (Registers - R0: 00000000 R1: 00000000 R2: 00000109 R3: 005d5b70))
  DEBUG   machine:simulation    114 | TICK: 616 PC: 042 IB 2800 (DataPath - AR: 109 SP: fff SB: 000 HC: 11c SOB: 5d5b706f (ALU - result: 00005d5b zero: False) (Registers - R0: 00000000 R1: 00000000 R2: 00000109 R3: 00005d5b))
  DEBUG   machine:signal_output output: qwertyuiop << [
  DEBUG   machine:simulation    115 | TICK: 620 PC: 044 IB 8100 (DataPath - AR: 109 SP: fff SB: 000 HC: 11c SOB: 5d5b706f (ALU - result: 00005d5b zero: False) (Registers - R0: 00000000 R1: 00000000 R2: 00000109 R3: 00005d5b))
  DEBUG   machine:simulation    116 | TICK: 625 PC: 046 IB 2800 (DataPath - AR: 109 SP: fff SB: 000 HC: 11c SOB: 5d5b706f (ALU - result: 0000005d zero: False) (Registers - R0: 00000000 R1: 00000000 R2: 00000109 R3: 0000005d))
  DEBUG   machine:signal_output output: qwertyuiop[ << ]
  DEBUG   machine:simulation    117 | TICK: 629 PC: 048 IB 8100 (DataPath - AR: 109 SP: fff SB: 000 HC: 11c SOB: 5d5b706f (ALU - result: 0000005d zero: False) (Registers - R0: 00000000 R1: 00000000 R2: 00000109 R3: 0000005d))
  DEBUG   machine:simulation    118 | TICK: 634 PC: 04a IB 2800 (DataPath - AR: 109 SP: fff SB: 000 HC: 11c SOB: 5d5b706f (ALU - result: 00000000 zero: False) (Registers - R0: 00000000 R1: 00000000 R2: 00000109 R3: 00000000))
  DEBUG   machine:simulation    119 | TICK: 645 PC: 04d IB 4000 (DataPath - AR: 109 SP: fff SB: 000 HC: 11c SOB: 5d5b706f (ALU - result: 5d5b706f zero: False) (Registers - R0: 00000000 R1: 00000000 R2: 00000109 R3: 5d5b706f))
  DEBUG   machine:simulation    120 | TICK: 649 PC: 04f IB 6100 (DataPath - AR: 109 SP: fff SB: 000 HC: 11c SOB: 5d5b706f (ALU - result: 5d000000 zero: False) (Registers - R0: 00000000 R1: 00000000 R2: 00000109 R3: 5d5b706f))
  DEBUG   machine:simulation    121 | TICK: 654 PC: 051 IB 2100 (DataPath - AR: 109 SP: fff SB: 000 HC: 11c SOB: 5d5b706f (ALU - result: 0000010a zero: False) (Registers - R0: 00000000 R1: 00000000 R2: 0000010a R3: 5d5b706f))
  DEBUG   machine:simulation    122 | TICK: 660 PC: 054 IB 4100 (DataPath - AR: 0ff SP: fff SB: 000 HC: 11c SOB: 5d5b706f (ALU - result: 0000010a zero: False) (Registers - R0: 00000000 R1: 00000000 R2: 0000010a R3: 5d5b706f))
  DEBUG   machine:simulation    123 | TICK: 663 PC: 037 IB 7400 (DataPath - AR: 0ff SP: fff SB: 000 HC: 11c SOB: 5d5b706f (ALU - result: 0000010a zero: False) (Registers - R0: 00000000 R1: 00000000 R2: 0000010a R3: 5d5b706f))
  DEBUG   machine:simulation    124 | TICK: 674 PC: 03a IB 4000 (DataPath - AR: 10a SP: fff SB: 000 HC: 11c SOB: 66647361 (ALU - result: 66647361 zero: False) (Registers - R0: 00000000 R1: 00000000 R2: 0000010a R3: 66647361))
  DEBUG   machine:signal_output output: qwertyuiop[] << a
  DEBUG   machine:simulation    125 | TICK: 678 PC: 03c IB 8100 (DataPath - AR: 10a SP: fff SB: 000 HC: 11c SOB: 66647361 (ALU - result: 66647361 zero: False) (Registers - R0: 00000000 R1: 00000000 R2: 0000010a R3: 66647361))
  DEBUG   machine:simulation    126 | TICK: 683 PC: 03e IB 2800 (DataPath - AR: 10a SP: fff SB: 000 HC: 11c SOB: 66647361 (ALU - result: 00666473 zero: False) (Registers - R0: 00000000 R1: 00000000 R2: 0000010a R3: 00666473))
  DEBUG   machine:signal_output output: qwertyuiop[]a << s
  DEBUG   machine:simulation    127 | TICK: 687 PC: 040 IB 8100 (DataPath - AR: 10a SP: fff SB: 000 HC: 11c SOB: 66647361 (ALU - result: 00666473 zero: False) (Registers - R0: 00000000 R1: 00000000 R2: 0000010a R3: 00666473))
  DEBUG   machine:simulation    128 | TICK: 692 PC: 042 IB 2800 (DataPath - AR: 10a SP: fff SB: 000 HC: 11c SOB: 66647361 (ALU - result: 00006664 zero: False) (Registers - R0: 00000000 R1: 00000000 R2: 0000010a R3: 00006664))
  DEBUG   machine:signal_output output: qwertyuiop[]as << d
  DEBUG   machine:simulation    129 | TICK: 696 PC: 044 IB 8100 (DataPath - AR: 10a SP: fff SB: 000 HC: 11c SOB: 66647361 (ALU - result: 00006664 zero: False) (Registers - R0: 00000000 R1: 00000000 R2: 0000010a R3: 00006664))
  DEBUG   machine:simulation    130 | TICK: 701 PC: 046 IB 2800 (DataPath - AR: 10a SP: fff SB: 000 HC: 11c SOB: 66647361 (ALU - result: 00000066 zero: False) (Registers - R0: 00000000 R1: 00000000 R2: 0000010a R3: 00000066))
  DEBUG   machine:signal_output output: qwertyuiop[]asd << f
  DEBUG   machine:simulation    131 | TICK: 705 PC: 048 IB 8100 (DataPath - AR: 10a SP: fff SB: 000 HC: 11c SOB: 66647361 (ALU - result: 00000066 zero: False) (Registers - R0: 00000000 R1: 00000000 R2: 0000010a R3: 00000066))
  DEBUG   machine:simulation    132 | TICK: 710 PC: 04a IB 2800 (DataPath - AR: 10a SP: fff SB: 000 HC: 11c SOB: 66647361 (ALU - result: 00000000 zero: False) (Registers - R0: 00000000 R1: 00000000 R2: 0000010a R3: 00000000))
  DEBUG   machine:simulation    133 | TICK: 721 PC: 04d IB 4000 (DataPath - AR: 10a SP: fff SB: 000 HC: 11c SOB: 66647361 (ALU - result: 66647361 zero: False) (Registers - R0: 00000000 R1: 00000000 R2: 0000010a R3: 66647361))
  DEBUG   machine:simulation    134 | TICK: 725 PC: 04f IB 6100 (DataPath - AR: 10a SP: fff SB: 000 HC: 11c SOB: 66647361 (ALU - result: 66000000 zero: False) (Registers - R0: 00000000 R1: 00000000 R2: 0000010a R3: 66647361))
  DEBUG   machine:simulation    135 | TICK: 730 PC: 051 IB 2100 (DataPath - AR: 10a SP: fff SB: 000 HC: 11c SOB: 66647361 (ALU - result: 0000010b zero: False) (Registers - R0: 00000000 R1: 00000000 R2: 0000010b R3: 66647361))
  DEBUG   machine:simulation    136 | TICK: 736 PC: 054 IB 4100 (DataPath - AR: 0ff SP: fff SB: 000 HC: 11c SOB: 66647361 (ALU - result: 0000010b zero: False) (Registers - R0: 00000000 R1: 00000000 R2: 0000010b R3: 66647361))
  DEBUG   machine:simulation    137 | TICK: 739 PC: 037 IB 7400 (DataPath - AR: 0ff SP: fff SB: 000 HC: 11c SOB: 66647361 (ALU - result: 0000010b zero: False) (Registers - R0: 00000000 R1: 00000000 R2: 0000010b R3: 66647361))
  DEBUG   machine:simulation    138 | TICK: 750 PC: 03a IB 4000 (DataPath - AR: 10b SP: fff SB: 000 HC: 11c SOB: 00006867 (ALU - result: 00006867 zero: False) (Registers - R0: 00000000 R1: 00000000 R2: 0000010b R3: 00006867))
  DEBUG   machine:signal_output output: qwertyuiop[]asdf << g
  DEBUG   machine:simulation    139 | TICK: 754 PC: 03c IB 8100 (DataPath - AR: 10b SP: fff SB: 000 HC: 11c SOB: 00006867 (ALU - result: 00006867 zero: False) (Registers - R0: 00000000 R1: 00000000 R2: 0000010b R3: 00006867))
  DEBUG   machine:simulation    140 | TICK: 759 PC: 03e IB 2800 (DataPath - AR: 10b SP: fff SB: 000 HC: 11c SOB: 00006867 (ALU - result: 00000068 zero: False) (Registers - R0: 00000000 R1: 00000000 R2: 0000010b R3: 00000068))
  DEBUG   machine:signal_output output: qwertyuiop[]asdfg << h
  DEBUG   machine:simulation    141 | TICK: 763 PC: 040 IB 8100 (DataPath - AR: 10b SP: fff SB: 000 HC: 11c SOB: 00006867 (ALU - result: 00000068 zero: False) (Registers - R0: 00000000 R1: 00000000 R2: 0000010b R3: 00000068))
  DEBUG   machine:simulation    142 | TICK: 768 PC: 042 IB 2800 (DataPath - AR: 10b SP: fff SB: 000 HC: 11c SOB: 00006867 (ALU - result: 00000000 zero: False) (Registers - R0: 00000000 R1: 00000000 R2: 0000010b R3: 00000000))
  DEBUG   machine:signal_output zero value skipped for output: qwertyuiop[]asdfgh << \0
  DEBUG   machine:simulation    143 | TICK: 772 PC: 044 IB 8100 (DataPath - AR: 10b SP: fff SB: 000 HC: 11c SOB: 00006867 (ALU - result: 00000000 zero: False) (Registers - R0: 00000000 R1: 00000000 R2: 0000010b R3: 00000000))
  DEBUG   machine:simulation    144 | TICK: 777 PC: 046 IB 2800 (DataPath - AR: 10b SP: fff SB: 000 HC: 11c SOB: 00006867 (ALU - result: 00000000 zero: False) (Registers - R0: 00000000 R1: 00000000 R2: 0000010b R3: 00000000))
  DEBUG   machine:signal_output zero value skipped for output: qwertyuiop[]asdfgh << \0
  DEBUG   machine:simulation    145 | TICK: 781 PC: 048 IB 8100 (DataPath - AR: 10b SP: fff SB: 000 HC: 11c SOB: 00006867 (ALU - result: 00000000 zero: False) (Registers - R0: 00000000 R1: 00000000 R2: 0000010b R3: 00000000))
  DEBUG   machine:simulation    146 | TICK: 786 PC: 04a IB 2800 (DataPath - AR: 10b SP: fff SB: 000 HC: 11c SOB: 00006867 (ALU - result: 00000000 zero: False) (Registers - R0: 00000000 R1: 00000000 R2: 0000010b R3: 00000000))
  DEBUG   machine:simulation    147 | TICK: 797 PC: 04d IB 4000 (DataPath - AR: 10b SP: fff SB: 000 HC: 11c SOB: 00006867 (ALU - result: 00006867 zero: False) (Registers - R0: 00000000 R1: 00000000 R2: 0000010b R3: 00006867))
  DEBUG   machine:simulation    148 | TICK: 801 PC: 04f IB 6100 (DataPath - AR: 10b SP: fff SB: 000 HC: 11c SOB: 00006867 (ALU - result: 00000000 zero: True) (Registers - R0: 00000000 R1: 00000000 R2: 0000010b R3: 00006867))
  DEBUG   machine:simulation    149 | TICK: 806 PC: 051 IB 2100 (DataPath - AR: 10b SP: fff SB: 000 HC: 11c SOB: 00006867 (ALU - result: 0000010c zero: True) (Registers - R0: 00000000 R1: 00000000 R2: 0000010c R3: 00006867))
  DEBUG   machine:simulation    150 | TICK: 812 PC: 054 IB 4100 (DataPath - AR: 0ff SP: fff SB: 000 HC: 11c SOB: 00006867 (ALU - result: 0000010c zero: True) (Registers - R0: 00000000 R1: 00000000 R2: 0000010c R3: 00006867))
  DEBUG   machine:simulation    151 | TICK: 815 PC: 056 IB 7400 (DataPath - AR: 0ff SP: fff SB: 000 HC: 11c SOB: 00006867 (ALU - result: 0000010c zero: True) (Registers - R0: 00000000 R1: 00000000 R2: 0000010c R3: 00006867))
  DEBUG   machine:simulation    152 | TICK: 824 PC: 059 IB 4000 (DataPath - AR: 100 SP: fff SB: 000 HC: 11c SOB: 00000000 (ALU - result: 00000000 zero: True) (Registers - R0: 00000000 R1: 00000000 R2: 0000010c R3: 00006867))
  DEBUG   machine:simulation    153 | TICK: 829 PC: 05b IB 5000 (DataPath - AR: ffe SP: ffe SB: 000 HC: 11c SOB: 00000000 (ALU - result: 00000000 zero: True) (Registers - R0: 00000000 R1: 00000000 R2: 0000010c R3: 00006867))
  DEBUG   machine:simulation    154 | TICK: 838 PC: 05d IB 5100 (DataPath - AR: ffe SP: fff SB: 000 HC: 11c SOB: 00000000 (ALU - result: 00000000 zero: True) (Registers - R0: 00000000 R1: 00000000 R2: 0000010c R3: 00006867))
  INFO    machine:simulation    output_buffer: 'qwertyuiop[]asdfgh'
